git init
D:\FRONTEND>git config --global user.email "mr.arunkumar1410@gmail.com"
D:\FRONTEND> git config --global user.name "arunkumar-1410"
D:\FRONTEND>git add
et
D:\FRONTEND>git commit -m "Initial commit"
thi
[master (root-commit) 6dab514] Initial commit 1 file changed, 10 insertions(+) create mode 100644 sample.html
ipa
D:\FRONTEND>git remote add origin https://github.com/arunkumar-1410/FRONTEND.git
error: remote origin already exists.
k
D:\FRONTEND>git push u origin main
lir
error: src refspec main does not match any
in
error: failed to push some refs to 'https://github.com/arunkumar-1410/FRONTEND.git' error: failed to push some refs to 'https://github.com/arunkumar-1410/FRONTEND.git'
pa
D:\FRONTEND>git psuh u origin master
git: 'psuh' is not a git command. See 'git --help'.
The most similar command is
push
D:\FRONTEND>git push u origin master branch 'master' set up to track 'origin/master'.
Everything up-to-date
ido
D:\FRONTEND
Message